Machine:
9, 5
[508 143 286 382 465 208 32 395 ]
[13 30 32 41 36 25 29 24 45 ]
Machine:
7, 36
[57 24 107 99 96 87 46 116 79 ]
[54 55 37 35 27 43 65 ]
Machine:
4, 12
[10 6 15 ]
[19 46 28 37 ]
Machine:
6, 43
[12 33 9 42 10 14 29 11 ]
[43 26 17 46 15 25 ]
Machine:
9, 45
[431 479 2 253 131 45 264 66 23 451 ]
[61 67 34 31 28 23 53 50 24 ]
Machine:
10, 437
[983 64 440 152 36 660 180 2 616 673 667 ]
[44 47 57 42 69 46 40 78 21 69 ]
Machine:
8, 32
[190 119 101 221 239 191 ]
[36 19 43 20 30 31 36 20 ]
Machine:
5, 21
[7 18 9 ]
[18 30 13 5 17 ]
Machine:
8, 40
[212 175 4 130 45 187 232 ]
[42 135 61 53 17 53 21 156 ]
Machine:
9, 439
[504 83 233 389 341 449 110 13 192 198 487 ]
[71 51 85 42 27 59 108 93 75 ]
Machine:
8, 177
[73 208 179 19 22 58 59 177 ]
[164 188 17 153 198 160 14 21 ]
Machine:
10, 543
[274 391 208 369 714 353 80 778 529 955 653 14 ]
[39 55 32 44 42 17 48 43 48 34 ]
Machine:
5, 8
[29 19 28 27 2 5 14 ]
[164 180 56 64 172 ]
Machine:
9, 165
[441 296 398 67 143 505 510 381 234 186 210 ]
[47 79 34 83 57 68 74 77 68 ]
Machine:
10, 940
[7 763 16 640 951 316 379 92 491 503 1017 ]
[76 71 63 71 114 82 71 64 63 51 ]
Machine:
7, 82
[81 82 28 12 107 39 72 ]
[35 41 38 41 22 29 35 ]
Machine:
6, 42
[52 37 60 42 1 61 23 ]
[53 157 66 173 51 193 ]
Machine:
9, 84
[217 35 508 385 311 43 111 246 489 112 ]
[49 38 36 50 57 73 64 45 28 ]
Machine:
10, 797
[397 824 12 80 785 716 1003 767 416 ]
[52 33 44 65 35 47 51 64 51 55 ]
Machine:
4, 2
[14 13 5 12 9 ]
[18 2 27 35 ]
Machine:
5, 4
[12 14 25 2 3 5 ]
[53 36 31 29 18 ]
Machine:
6, 15
[57 25 39 54 ]
[41 19 19 22 22 38 ]
Machine:
5, 1
[11 20 21 6 ]
[7 21 35 6 20 ]
Machine:
8, 212
[85 108 129 237 189 22 51 ]
[62 32 67 37 49 52 46 34 ]
Machine:
10, 929
[898 997 260 819 1007 890 959 599 928 589 ]
[65 68 80 32 37 64 52 78 101 102 ]
Machine:
10, 285
[766 344 952 655 959 322 697 5 ]
[33 34 35 44 42 36 33 38 29 38 ]
Machine:
7, 94
[94 37 55 103 118 124 126 ]
[22 60 76 39 73 62 56 ]
Machine:
10, 198
[841 13 982 414 622 84 1005 1022 825 817 530 ]
[50 42 74 72 62 34 63 52 77 67 ]
Machine:
6, 9
[6 8 29 35 26 ]
[9 41 22 23 22 5 ]
Machine:
9, 168
[475 106 284 483 148 490 187 125 33 43 ]
[148 53 27 58 38 180 40 50 29 ]
Machine:
9, 386
[239 392 365 24 508 379 13 80 112 ]
[39 16 46 57 45 54 63 28 26 ]
Machine:
8, 60
[195 111 138 41 57 239 ]
[60 47 23 46 13 41 42 36 ]
Machine:
4, 7
[4 11 2 6 8 13 ]
[37 50 37 44 ]
Machine:
6, 2
[5 29 42 55 45 48 ]
[34 31 34 35 43 52 ]
Machine:
6, 63
[39 25 52 8 34 23 36 ]
[22 38 45 2 40 44 ]
Machine:
7, 120
[6 47 98 23 53 ]
[36 43 39 12 24 48 20 ]
Machine:
9, 445
[292 503 236 493 350 447 384 192 446 388 25 ]
[25 16 53 42 24 35 41 77 60 ]
Machine:
6, 31
[39 45 3 18 35 58 ]
[49 37 31 14 2 49 ]
Machine:
5, 14
[13 18 3 12 25 22 ]
[30 19 15 32 35 ]
Machine:
10, 50
[180 983 693 753 578 24 118 1003 730 ]
[55 56 50 42 85 65 67 81 32 70 ]
Machine:
4, 1
[5 2 11 10 12 1 ]
[40 36 12 22 ]
Machine:
5, 24
[31 15 7 ]
[144 144 144 132 130 ]
Machine:
10, 394
[911 615 879 790 623 1020 258 855 424 582 ]
[60 81 198 179 144 185 175 155 202 198 ]
Machine:
9, 459
[199 6 351 346 369 263 323 502 140 ]
[48 212 211 39 180 157 194 169 202 ]
Machine:
4, 1
[12 6 13 ]
[10 4 16 12 ]
Machine:
6, 42
[35 21 12 57 37 5 ]
[155 5 145 31 27 127 ]
Machine:
7, 70
[126 58 62 19 55 42 79 27 ]
[37 83 28 61 56 51 21 ]
Machine:
6, 15
[42 56 55 57 1 29 58 12 ]
[38 17 13 52 42 45 ]
Machine:
4, 10
[1 12 3 7 4 ]
[168 22 36 5 ]
Machine:
5, 17
[21 6 17 24 22 ]
[15 12 19 119 139 ]
Machine:
6, 8
[38 29 60 15 45 52 ]
[15 17 53 26 31 43 ]
Machine:
5, 28
[19 13 28 ]
[16 9 20 20 22 ]
Machine:
7, 91
[56 67 49 17 101 ]
[34 6 12 8 24 21 18 ]
Machine:
9, 203
[118 428 484 183 328 431 221 461 18 60 ]
[28 13 53 53 31 32 39 50 38 ]
Machine:
6, 10
[13 57 45 42 ]
[192 10 189 202 3 18 ]
Machine:
9, 300
[177 40 240 153 96 146 356 165 349 270 ]
[48 37 56 58 62 184 141 78 36 ]
Machine:
4, 14
[8 10 2 9 6 12 ]
[4 41 21 37 ]
Machine:
6, 60
[60 26 62 53 ]
[11 14 35 26 37 35 ]
Machine:
6, 19
[14 58 59 13 39 42 54 ]
[37 61 45 35 26 56 ]
Machine:
6, 29
[43 54 50 21 29 28 46 39 ]
[43 47 65 38 55 47 ]
Machine:
9, 511
[376 28 81 127 446 129 287 137 ]
[64 51 60 65 68 37 26 42 34 ]
Machine:
9, 208
[343 357 320 463 368 53 255 128 ]
[58 40 58 20 36 26 58 21 52 ]
Machine:
6, 10
[35 53 25 60 12 6 28 ]
[45 25 69 49 56 48 ]
Machine:
10, 421
[707 951 812 879 332 495 1021 963 512 923 326 ]
[109 97 74 74 52 72 73 93 105 117 ]
Machine:
5, 31
[20 11 30 ]
[3 9 15 9 15 ]
Machine:
10, 15
[511 119 513 130 425 1021 244 72 370 ]
[59 49 47 28 61 70 67 42 36 21 ]
Machine:
6, 42
[4 27 7 60 46 51 50 ]
[13 29 42 36 32 48 ]
Machine:
5, 15
[14 30 6 24 15 ]
[0 25 25 144 138 ]
Machine:
4, 1
[4 7 13 8 ]
[9 3 22 147 ]
Machine:
6, 9
[43 60 3 29 20 ]
[24 19 35 38 35 33 ]
Machine:
5, 24
[6 19 7 5 28 ]
[42 31 46 10 21 ]
Machine:
6, 38
[27 41 33 56 34 36 ]
[35 31 13 22 19 62 ]
Machine:
6, 61
[28 11 57 62 16 54 ]
[23 140 144 60 170 135 ]
Machine:
9, 83
[459 388 68 240 96 387 494 331 ]
[22 25 25 25 13 19 43 52 45 ]
Machine:
4, 5
[15 5 ]
[199 9 199 9 ]
Machine:
4, 14
[14 5 ]
[16 4 20 4 ]
Machine:
4, 14
[11 10 13 6 2 5 ]
[35 54 35 38 ]
Machine:
10, 72
[74 955 990 288 215 877 18 487 192 867 701 531 ]
[36 192 47 172 24 34 202 49 41 19 ]
Machine:
7, 26
[31 5 35 16 110 ]
[41 26 33 18 36 8 0 ]
Machine:
6, 19
[56 34 60 31 24 33 19 3 ]
[35 24 17 38 39 48 ]
Machine:
8, 44
[17 151 247 112 12 144 125 68 6 215 ]
[26 20 60 24 48 29 45 36 ]
Machine:
6, 22
[60 56 50 46 42 59 45 28 ]
[171 56 183 219 34 218 ]
Machine:
10, 157
[411 959 855 770 999 317 988 398 ]
[50 59 63 40 42 32 26 34 75 44 ]
Machine:
4, 5
[10 12 15 ]
[9 12 27 30 ]
Machine:
7, 58
[31 98 69 51 24 95 ]
[52 41 32 26 46 23 18 ]
Machine:
10, 235
[368 144 590 1017 843 201 581 249 ]
[30 5 7 27 38 32 52 28 25 12 ]
Machine:
10, 189
[24 655 287 288 725 9 274 908 987 564 377 5 975 ]
[157 129 168 171 37 34 8 140 48 153 ]
Machine:
8, 238
[81 245 38 150 182 29 ]
[28 151 171 9 178 143 19 161 ]
Machine:
9, 136
[494 253 196 262 75 212 377 293 ]
[179 15 207 185 185 192 213 199 35 ]
Machine:
8, 167
[125 165 50 111 4 59 167 ]
[52 37 48 34 32 57 25 18 ]
Machine:
4, 8
[3 11 6 ]
[31 42 11 14 ]
Machine:
5, 23
[6 23 27 2 ]
[4 33 18 3 4 ]
Machine:
7, 24
[101 64 66 24 22 107 25 1 32 ]
[37 35 4 41 22 25 49 ]
Machine:
10, 439
[336 644 893 493 530 957 12 158 ]
[48 26 82 66 61 48 40 58 54 62 ]
Machine:
10, 989
[65 631 24 113 810 989 48 651 639 425 ]
[94 52 44 73 91 64 74 35 20 67 ]
Machine:
10, 195
[477 388 479 701 195 879 939 901 909 320 623 1007 ]
[214 185 195 192 21 180 184 193 182 196 ]
Machine:
5, 18
[5 29 19 7 17 3 12 ]
[48 21 44 21 23 ]
Machine:
8, 239
[224 110 92 238 66 189 118 74 194 53 ]
[20 65 67 45 46 64 76 51 ]
Machine:
9, 86
[135 494 4 336 107 245 386 ]
[26 43 32 20 15 24 35 30 32 ]
Machine:
4, 5
[7 2 11 ]
[14 33 13 1 ]
Machine:
8, 242
[236 20 149 95 246 4 136 118 198 10 ]
[18 25 70 35 41 23 31 35 ]
Machine:
4, 7
[7 10 ]
[145 154 145 9 ]
Machine:
9, 287
[106 479 495 247 492 381 494 5 349 215 ]
[216 61 251 222 215 65 254 76 218 ]
Machine:
4, 10
[11 10 3 7 ]
[145 147 132 13 ]
Machine:
8, 158
[235 78 18 205 96 150 ]
[24 60 50 39 36 19 49 44 ]
Machine:
9, 5
[351 48 328 448 12 376 421 176 67 ]
[27 20 38 50 38 31 41 9 42 ]
Machine:
7, 75
[3 53 77 65 112 110 52 94 51 ]
[76 42 47 29 54 63 68 ]
Machine:
9, 443
[485 135 343 452 436 156 100 ]
[10 7 44 16 30 19 9 40 19 ]
Machine:
8, 95
[216 68 125 214 229 80 95 20 221 ]
[53 20 75 52 86 22 90 38 ]
Machine:
9, 397
[264 84 131 302 96 466 11 56 63 ]
[33 51 12 46 38 43 38 22 21 ]
Machine:
5, 29
[10 20 9 17 6 24 3 ]
[22 17 32 28 35 ]
Machine:
10, 419
[463 563 167 843 529 487 12 264 40 326 243 ]
[71 87 66 58 32 64 59 38 62 33 ]
Machine:
10, 392
[1008 263 280 727 4 708 257 1017 340 18 252 67 965 ]
[65 26 78 55 89 48 96 92 77 72 ]
Machine:
4, 13
[11 5 8 1 14 9 ]
[61 25 23 52 ]
Machine:
6, 13
[63 13 57 46 ]
[49 19 38 57 30 38 ]
Machine:
7, 111
[41 120 68 12 81 91 39 122 ]
[41 24 18 54 38 35 48 ]
Machine:
10, 493
[445 771 828 17 518 68 503 552 288 256 305 610 ]
[49 33 43 40 49 65 13 21 58 52 ]
Machine:
8, 78
[24 91 221 86 46 163 125 124 66 ]
[47 57 62 73 86 32 87 27 ]
Machine:
8, 64
[38 116 247 72 24 90 212 87 ]
[25 52 48 46 63 31 61 20 ]
Machine:
4, 11
[6 5 10 8 13 ]
[5 173 171 19 ]
Machine:
9, 286
[207 400 381 466 76 416 297 258 130 33 55 ]
[45 41 55 38 56 49 38 41 45 ]
Machine:
10, 689
[951 989 375 463 717 383 831 975 985 289 495 485 2 ]
[88 54 61 53 46 58 67 51 88 33 ]
Machine:
7, 28
[97 38 37 126 106 29 ]
[48 19 36 26 15 57 36 ]
Machine:
5, 13
[24 6 13 27 11 20 ]
[31 35 192 34 194 ]
Machine:
9, 356
[10 319 150 346 237 449 5 94 ]
[42 51 56 63 43 32 48 30 29 ]
Machine:
8, 88
[221 209 6 187 176 3 204 220 237 ]
[79 32 59 62 68 48 67 95 ]
Machine:
7, 7
[12 24 91 82 2 107 33 106 87 ]
[54 65 20 212 220 29 62 ]
Machine:
6, 35
[5 10 29 38 ]
[19 10 27 9 7 8 ]
Machine:
9, 42
[510 12 177 150 90 391 325 21 232 ]
[53 23 54 10 32 13 25 29 35 ]
Machine:
7, 95
[49 59 7 99 121 108 ]
[29 18 26 28 18 43 26 ]
Machine:
7, 116
[26 45 103 67 114 94 18 ]
[34 57 33 48 43 33 38 ]
Machine:
8, 170
[249 97 74 176 70 241 187 219 198 31 ]
[57 28 8 34 71 72 56 78 ]
Machine:
4, 15
[12 8 13 3 6 14 ]
[17 37 34 41 ]
Machine:
5, 27
[13 29 7 25 27 16 ]
[158 125 147 43 43 ]
Machine:
9, 450
[367 49 235 182 28 102 240 482 197 ]
[58 72 60 43 52 97 79 74 27 ]
Machine:
7, 62
[111 18 117 82 11 107 ]
[218 241 14 217 25 210 229 ]
Machine:
8, 175
[194 217 104 47 186 58 160 5 ]
[12 41 8 46 24 60 37 58 ]
Machine:
8, 170
[113 169 7 250 122 236 186 213 ]
[39 42 44 36 49 41 58 35 ]
Machine:
9, 89
[265 420 23 103 315 472 175 6 ]
[61 71 64 38 30 63 15 31 32 ]
Machine:
10, 635
[999 678 691 947 923 353 538 363 144 ]
[51 52 18 14 38 47 26 48 46 51 ]
Machine:
6, 25
[39 20 25 22 34 ]
[10 141 145 5 145 14 ]
Machine:
8, 107
[18 36 205 74 247 156 231 134 183 ]
[30 52 54 28 28 31 36 52 ]
Machine:
9, 187
[275 289 231 138 495 473 449 ]
[159 122 111 108 10 129 131 132 155 ]
Machine:
8, 65
[112 65 217 55 134 33 231 137 23 ]
[83 44 44 30 53 52 54 53 ]
Machine:
5, 7
[21 7 5 11 27 ]
[58 53 22 36 17 ]
Machine:
4, 15
[7 3 9 11 ]
[64 46 10 37 ]
Machine:
9, 274
[352 47 111 23 181 255 274 ]
[66 72 66 37 51 68 36 16 37 ]
Machine:
6, 38
[41 45 53 39 6 29 34 52 ]
[47 36 52 26 15 58 ]
Machine:
5, 9
[21 9 23 5 10 15 ]
[56 40 48 30 25 ]
Machine:
4, 6
[10 9 6 12 ]
[13 21 13 41 ]
Machine:
10, 127
[11 780 287 831 353 756 902 97 234 71 ]
[236 55 58 62 35 219 216 24 64 37 ]
Machine:
6, 44
[29 57 47 33 41 ]
[51 2 14 37 25 39 ]
Machine:
8, 218
[116 141 119 16 160 66 110 36 92 ]
[14 19 45 16 28 34 33 3 ]
Machine:
10, 848
[352 20 1003 582 825 759 893 256 923 513 160 ]
[55 33 30 50 47 58 39 37 64 68 ]
Machine:
5, 25
[10 11 4 29 ]
[20 140 30 154 14 ]
Machine:
4, 5
[14 5 ]
[4 6 10 6 ]
Machine:
5, 9
[27 17 22 9 25 4 16 ]
[55 31 17 35 76 ]
Machine:
7, 90
[69 120 59 90 114 ]
[30 189 13 208 209 38 205 ]
Machine:
9, 319
[288 319 321 503 504 367 478 221 ]
[48 44 48 37 54 47 42 35 59 ]
Machine:
9, 193
[474 97 208 197 337 48 471 278 508 214 172 ]
[32 30 57 48 63 42 77 80 48 ]
Machine:
7, 118
[76 41 77 66 72 31 109 91 ]
[61 42 42 76 25 24 62 ]
Machine:
10, 130
[806 10 946 841 5 34 130 894 ]
[31 67 46 26 23 51 26 27 54 54 ]
Machine:
9, 324
[84 436 313 130 478 177 314 124 ]
[39 34 67 72 122 87 55 49 64 ]
Machine:
9, 435
[273 32 255 2 411 169 339 69 400 153 6 ]
[86 63 32 55 83 46 31 66 50 ]
Machine:
6, 9
[45 62 61 9 ]
[39 10 35 49 26 35 ]
Machine:
10, 768
[796 79 277 614 254 552 68 219 1013 170 ]
[35 29 255 227 228 37 41 19 223 224 ]
Machine:
7, 15
[43 116 2 9 20 112 108 122 ]
[10 29 32 37 51 55 49 ]
Machine:
10, 142
[542 955 894 275 130 937 3 763 816 236 570 932 620 ]
[34 74 58 82 72 80 35 57 60 82 ]
Machine:
5, 9
[9 7 6 21 ]
[20 11 30 1 19 ]
Machine:
7, 70
[113 115 70 78 16 5 98 114 ]
[229 61 39 15 250 235 259 ]
Machine:
9, 3
[273 430 160 384 82 239 321 90 200 133 51 ]
[229 243 213 221 43 221 232 231 62 ]
Machine:
5, 19
[26 9 6 ]
[7 17 2 22 15 ]
Machine:
8, 93
[239 37 193 27 131 156 ]
[39 30 21 27 21 12 9 30 ]
Machine:
5, 17
[14 21 27 10 4 2 25 ]
[215 62 32 242 215 ]
Machine:
6, 54
[6 52 5 8 24 15 51 ]
[24 25 23 16 30 30 ]
Machine:
5, 30
[18 25 7 ]
[17 20 7 10 23 ]
Machine:
10, 876
[998 343 701 694 702 510 355 203 1017 ]
[27 150 141 133 141 153 40 141 38 120 ]
Machine:
9, 278
[6 254 224 477 465 258 78 ]
[19 61 55 37 38 37 72 56 27 ]
Machine:
9, 65
[230 348 48 384 490 449 365 349 ]
[19 145 23 168 41 165 179 169 192 ]
Machine:
9, 395
[33 464 387 190 196 469 427 ]
[215 209 19 189 19 199 15 224 210 ]
Machine:
9, 70
[402 255 382 288 138 217 491 355 379 ]
[37 38 19 45 48 47 47 37 45 ]
Machine:
7, 89
[18 94 62 64 93 36 101 ]
[188 24 199 8 28 193 199 ]
Machine:
4, 15
[10 5 2 4 13 ]
[32 30 39 30 ]
Machine:
4, 11
[11 7 3 6 ]
[25 42 31 4 ]
Machine:
6, 33
[14 27 12 62 54 24 29 ]
[18 51 74 68 49 28 ]
Machine:
8, 208
[190 16 238 177 208 2 101 234 74 143 ]
[18 65 29 56 34 50 50 57 ]
Machine:
8, 6
[6 22 63 93 197 60 193 ]
[197 6 195 4 6 4 194 194 ]
Machine:
5, 15
[1 21 18 8 14 3 ]
[31 27 11 18 17 ]
Machine:
5, 16
[9 6 22 21 13 17 ]
[220 13 216 204 24 ]
Machine:
4, 12
[12 1 9 2 ]
[25 17 12 20 ]
Machine:
4, 10
[10 13 ]
[14 6 14 20 ]
Machine:
5, 29
[13 25 6 5 7 16 2 ]
[51 32 46 12 20 ]
Machine:
10, 64
[990 511 184 370 853 34 508 223 ]
[186 203 207 210 236 81 217 210 61 19 ]
Machine:
10, 261
[1013 409 703 75 76 597 538 717 ]
[197 28 167 58 173 143 163 173 145 167 ]
Machine:
8, 241
[199 233 241 126 115 160 219 29 216 ]
[40 37 14 31 42 149 54 168 ]
Machine:
10, 337
[894 1020 485 547 974 379 742 31 8 955 513 270 749 ]
[67 52 68 87 41 66 48 61 59 87 ]
Machine:
7, 59
[61 122 118 6 79 ]
[20 40 44 25 27 27 29 ]
Machine:
6, 63
[54 6 46 14 44 7 20 47 ]
[31 54 66 35 12 23 ]
Machine:
10, 135
[321 630 420 10 763 36 944 502 ]
[24 40 33 27 205 225 37 220 224 192 ]
Part one: 571
